app/mainapp/_layout.tsx(5,30): error TS1261: Already included file name 'E:/app/contexts/AuthContext.tsx' differs from file name 'E:/app/contexts/Authcontext.tsx' only in casing.
  The file is in the program because:
    Imported via '@/contexts/AuthContext' from file 'E:/app/app/mainapp/_layout.tsx'
    Imported via '@/contexts/AuthContext' from file 'E:/app/app/mainapp/customer-login.tsx'
    Imported via '@/contexts/AuthContext' from file 'E:/app/app/mainapp/vendor-login.tsx'
    Imported via '@/contexts/AuthContext' from file 'E:/app/app/mainapp/customer/profile.tsx'
    Matched by include pattern '**/*.tsx' in 'E:/app/tsconfig.json'
app/mainapp/_layout.tsx(7,10): error TS2305: Module '"@/contexts/LanguageContext"' has no exported member 'LanguageProvider'.
app/mainapp/_layout.tsx(8,10): error TS2305: Module '"@/constants/colors"' has no exported member 'colors'.
app/mainapp/checkout.tsx(13,32): error TS2307: Cannot find module 'expo-linear-gradient' or its corresponding type declarations.
app/mainapp/checkout.tsx(23,10): error TS2305: Module '"@/constants/colors"' has no exported member 'colors'.
app/mainapp/checkout.tsx(33,20): error TS2339: Property 'totalAmount' does not exist on type 'CartContextType'.
app/mainapp/checkout.tsx(49,34): error TS2322: Type '{ size: number; color: any; }' is not assignable to type 'IntrinsicAttributes & LucideProps'.
  Property 'color' does not exist on type 'IntrinsicAttributes & LucideProps'.
app/mainapp/checkout.tsx(58,43): error TS2322: Type '{ size: number; color: any; }' is not assignable to type 'IntrinsicAttributes & LucideProps'.
  Property 'color' does not exist on type 'IntrinsicAttributes & LucideProps'.
app/mainapp/checkout.tsx(66,49): error TS2322: Type '{ size: number; color: any; }' is not assignable to type 'IntrinsicAttributes & LucideProps'.
  Property 'color' does not exist on type 'IntrinsicAttributes & LucideProps'.
app/mainapp/checkout.tsx(72,42): error TS2322: Type '{ size: number; color: any; }' is not assignable to type 'IntrinsicAttributes & LucideProps'.
  Property 'color' does not exist on type 'IntrinsicAttributes & LucideProps'.
app/mainapp/checkout.tsx(76,41): error TS2339: Property 'id' does not exist on type 'CartItem'.
app/mainapp/checkout.tsx(77,64): error TS2551: Property 'images' does not exist on type 'Product'. Did you mean 'image'?
app/mainapp/checkout.tsx(91,47): error TS2322: Type '{ size: number; color: any; }' is not assignable to type 'IntrinsicAttributes & LucideProps'.
  Property 'color' does not exist on type 'IntrinsicAttributes & LucideProps'.
app/mainapp/checkout.tsx(121,43): error TS2322: Type '{ size: number; color: any; }' is not assignable to type 'IntrinsicAttributes & LucideProps'.
  Property 'color' does not exist on type 'IntrinsicAttributes & LucideProps'.
app/mainapp/checkout.tsx(167,42): error TS2322: Type '{ size: number; color: any; }' is not assignable to type 'IntrinsicAttributes & LucideProps'.
  Property 'color' does not exist on type 'IntrinsicAttributes & LucideProps'.
app/mainapp/customer-login.tsx(5,10): error TS2305: Module '"@/constants/colors"' has no exported member 'colors'.
app/mainapp/customer/_layout.tsx(3,10): error TS2305: Module '"@/constants/colors"' has no exported member 'colors'.
app/mainapp/customer/_layout.tsx(8,11): error TS2339: Property 'totalItems' does not exist on type 'CartContextType'.
app/mainapp/customer/_layout.tsx(34,62): error TS2322: Type '{ size: number; color: string; }' is not assignable to type 'IntrinsicAttributes & LucideProps'.
  Property 'color' does not exist on type 'IntrinsicAttributes & LucideProps'.
app/mainapp/customer/_layout.tsx(41,64): error TS2322: Type '{ size: number; color: string; }' is not assignable to type 'IntrinsicAttributes & LucideProps'.
  Property 'color' does not exist on type 'IntrinsicAttributes & LucideProps'.
app/mainapp/customer/_layout.tsx(50,41): error TS2322: Type '{ size: number; color: string; }' is not assignable to type 'IntrinsicAttributes & LucideProps'.
  Property 'color' does not exist on type 'IntrinsicAttributes & LucideProps'.
app/mainapp/customer/_layout.tsx(64,63): error TS2322: Type '{ size: number; color: string; }' is not assignable to type 'IntrinsicAttributes & LucideProps'.
  Property 'color' does not exist on type 'IntrinsicAttributes & LucideProps'.
app/mainapp/customer/_layout.tsx(71,62): error TS2322: Type '{ size: number; color: string; }' is not assignable to type 'IntrinsicAttributes & LucideProps'.
  Property 'color' does not exist on type 'IntrinsicAttributes & LucideProps'.
app/mainapp/customer/cart.tsx(11,32): error TS2307: Cannot find module 'expo-linear-gradient' or its corresponding type declarations.
app/mainapp/customer/cart.tsx(13,10): error TS2305: Module '"@/constants/colors"' has no exported member 'colors'.
app/mainapp/customer/cart.tsx(18,20): error TS2339: Property 'updateQuantity' does not exist on type 'CartContextType'.
app/mainapp/customer/cart.tsx(18,52): error TS2339: Property 'totalAmount' does not exist on type 'CartContextType'.
app/mainapp/customer/cart.tsx(28,48): error TS2322: Type '{ size: number; color: any; }' is not assignable to type 'IntrinsicAttributes & LucideProps'.
  Property 'color' does not exist on type 'IntrinsicAttributes & LucideProps'.
app/mainapp/customer/cart.tsx(52,37): error TS2339: Property 'id' does not exist on type 'CartItem'.
app/mainapp/customer/cart.tsx(53,60): error TS2551: Property 'images' does not exist on type 'Product'. Did you mean 'image'?
app/mainapp/customer/cart.tsx(56,75): error TS2339: Property 'vendorName' does not exist on type 'Product'.
app/mainapp/customer/cart.tsx(64,58): error TS2322: Type '{ size: number; color: any; }' is not assignable to type 'IntrinsicAttributes & LucideProps'.
  Property 'color' does not exist on type 'IntrinsicAttributes & LucideProps'.
app/mainapp/customer/cart.tsx(71,57): error TS2322: Type '{ size: number; color: any; }' is not assignable to type 'IntrinsicAttributes & LucideProps'.
  Property 'color' does not exist on type 'IntrinsicAttributes & LucideProps'.
app/mainapp/customer/cart.tsx(80,47): error TS2322: Type '{ size: number; color: any; }' is not assignable to type 'IntrinsicAttributes & LucideProps'.
  Property 'color' does not exist on type 'IntrinsicAttributes & LucideProps'.
app/mainapp/customer/index.tsx(15,32): error TS2307: Cannot find module 'expo-linear-gradient' or its corresponding type declarations.
app/mainapp/customer/index.tsx(26,10): error TS2305: Module '"@/constants/colors"' has no exported member 'colors'.
app/mainapp/customer/index.tsx(27,10): error TS2305: Module '"@/mocks/data"' has no exported member 'products'.
app/mainapp/customer/index.tsx(27,20): error TS2305: Module '"@/mocks/data"' has no exported member 'categories'.
app/mainapp/customer/index.tsx(27,32): error TS2305: Module '"@/mocks/data"' has no exported member 'liveSessions'.
app/mainapp/customer/index.tsx(28,10): error TS2305: Module '"@/contexts/LanguageContext"' has no exported member 'useLanguage'.
app/mainapp/customer/index.tsx(71,30): error TS2339: Property 'originalPrice' does not exist on type 'Product'.
app/mainapp/customer/index.tsx(72,32): error TS2339: Property 'originalPrice' does not exist on type 'Product'.
app/mainapp/customer/index.tsx(72,73): error TS2339: Property 'originalPrice' does not exist on type 'Product'.
app/mainapp/customer/index.tsx(82,47): error TS2551: Property 'images' does not exist on type 'Product'. Did you mean 'image'?
app/mainapp/customer/index.tsx(84,38): error TS2322: Type '{ size: number; color: any; }' is not assignable to type 'IntrinsicAttributes & LucideProps'.
  Property 'color' does not exist on type 'IntrinsicAttributes & LucideProps'.
app/mainapp/customer/index.tsx(91,26): error TS2339: Property 'isFlashDeal' does not exist on type 'Product'.
app/mainapp/customer/index.tsx(93,40): error TS2322: Type '{ size: number; color: any; fill: any; }' is not assignable to type 'IntrinsicAttributes & LucideProps'.
  Property 'color' does not exist on type 'IntrinsicAttributes & LucideProps'.
app/mainapp/customer/index.tsx(100,37): error TS2322: Type '{ size: number; color: any; fill: any; }' is not assignable to type 'IntrinsicAttributes & LucideProps'.
  Property 'color' does not exist on type 'IntrinsicAttributes & LucideProps'.
app/mainapp/customer/index.tsx(101,58): error TS2339: Property 'rating' does not exist on type 'Product'.
app/mainapp/customer/index.tsx(102,60): error TS2339: Property 'totalReviews' does not exist on type 'Product'.
app/mainapp/customer/index.tsx(106,30): error TS2339: Property 'originalPrice' does not exist on type 'Product'.
app/mainapp/customer/index.tsx(107,71): error TS2339: Property 'originalPrice' does not exist on type 'Product'.
app/mainapp/customer/index.tsx(133,39): error TS2322: Type '{ size: number; color: any; }' is not assignable to type 'IntrinsicAttributes & LucideProps'.
  Property 'color' does not exist on type 'IntrinsicAttributes & LucideProps'.
app/mainapp/customer/index.tsx(135,45): error TS2322: Type '{ size: number; color: any; }' is not assignable to type 'IntrinsicAttributes & LucideProps'.
  Property 'color' does not exist on type 'IntrinsicAttributes & LucideProps'.
app/mainapp/customer/index.tsx(138,37): error TS2322: Type '{ size: number; color: any; }' is not assignable to type 'IntrinsicAttributes & LucideProps'.
  Property 'color' does not exist on type 'IntrinsicAttributes & LucideProps'.
app/mainapp/customer/index.tsx(145,39): error TS2322: Type '{ size: number; color: any; }' is not assignable to type 'IntrinsicAttributes & LucideProps'.
  Property 'color' does not exist on type 'IntrinsicAttributes & LucideProps'.
app/mainapp/customer/index.tsx(158,46): error TS2322: Type '{ size: number; color: any; }' is not assignable to type 'IntrinsicAttributes & LucideProps'.
  Property 'color' does not exist on type 'IntrinsicAttributes & LucideProps'.
app/mainapp/customer/index.tsx(166,43): error TS7006: Parameter 'session' implicitly has an 'any' type.
app/mainapp/customer/index.tsx(180,41): error TS7006: Parameter 'category' implicitly has an 'any' type.
app/mainapp/customer/index.tsx(189,44): error TS2322: Type '{ size: number; color: any; fill: any; }' is not assignable to type 'IntrinsicAttributes & LucideProps'.
  Property 'color' does not exist on type 'IntrinsicAttributes & LucideProps'.
app/mainapp/customer/index.tsx(197,42): error TS7006: Parameter 'p' implicitly has an 'any' type.
app/mainapp/customer/index.tsx(197,85): error TS7006: Parameter 'product' implicitly has an 'any' type.
app/mainapp/customer/index.tsx(208,39): error TS7006: Parameter 'product' implicitly has an 'any' type.
app/mainapp/customer/profile.tsx(24,10): error TS2305: Module '"@/constants/colors"' has no exported member 'colors'.
app/mainapp/customer/profile.tsx(26,10): error TS2305: Module '"@/contexts/LanguageContext"' has no exported member 'useLanguage'.
app/mainapp/customer/profile.tsx(63,49): error TS2322: Type '{ size: number; color: any; }' is not assignable to type 'IntrinsicAttributes & LucideProps'.
  Property 'color' does not exist on type 'IntrinsicAttributes & LucideProps'.
app/mainapp/customer/profile.tsx(79,46): error TS2322: Type '{ size: number; color: any; }' is not assignable to type 'IntrinsicAttributes & LucideProps'.
  Property 'color' does not exist on type 'IntrinsicAttributes & LucideProps'.
app/mainapp/customer/profile.tsx(93,58): error TS2322: Type '{ size: number; color: any; }' is not assignable to type 'IntrinsicAttributes & LucideProps'.
  Property 'color' does not exist on type 'IntrinsicAttributes & LucideProps'.
app/mainapp/customer/profile.tsx(97,53): error TS2322: Type '{ size: number; color: any; }' is not assignable to type 'IntrinsicAttributes & LucideProps'.
  Property 'color' does not exist on type 'IntrinsicAttributes & LucideProps'.
app/mainapp/customer/profile.tsx(103,39): error TS2322: Type '{ size: number; color: any; }' is not assignable to type 'IntrinsicAttributes & LucideProps'.
  Property 'color' does not exist on type 'IntrinsicAttributes & LucideProps'.
app/mainapp/customer/search.tsx(13,10): error TS2305: Module '"@/constants/colors"' has no exported member 'colors'.
app/mainapp/customer/search.tsx(14,10): error TS2305: Module '"@/mocks/data"' has no exported member 'products'.
app/mainapp/customer/search.tsx(14,20): error TS2305: Module '"@/mocks/data"' has no exported member 'categories'.
app/mainapp/customer/search.tsx(25,27): error TS7006: Parameter 'p' implicitly has an 'any' type.
app/mainapp/customer/search.tsx(35,39): error TS2322: Type '{ size: number; color: any; }' is not assignable to type 'IntrinsicAttributes & LucideProps'.
  Property 'color' does not exist on type 'IntrinsicAttributes & LucideProps'.
app/mainapp/customer/search.tsx(47,42): error TS2322: Type '{ size: number; color: any; }' is not assignable to type 'IntrinsicAttributes & LucideProps'.
  Property 'color' does not exist on type 'IntrinsicAttributes & LucideProps'.
app/mainapp/customer/search.tsx(58,50): error TS2322: Type '{ size: number; color: any; }' is not assignable to type 'IntrinsicAttributes & LucideProps'.
  Property 'color' does not exist on type 'IntrinsicAttributes & LucideProps'.
app/mainapp/customer/search.tsx(76,55): error TS2322: Type '{ size: number; color: any; }' is not assignable to type 'IntrinsicAttributes & LucideProps'.
  Property 'color' does not exist on type 'IntrinsicAttributes & LucideProps'.
app/mainapp/customer/search.tsx(95,49): error TS7006: Parameter 'category' implicitly has an 'any' type.
app/mainapp/customer/search.tsx(107,47): error TS7006: Parameter 'product' implicitly has an 'any' type.
app/mainapp/customer/search.tsx(120,61): error TS2322: Type '{ size: number; color: any; fill: any; }' is not assignable to type 'IntrinsicAttributes & LucideProps'.
  Property 'color' does not exist on type 'IntrinsicAttributes & LucideProps'.
app/mainapp/customer/wishlist.tsx(13,10): error TS2305: Module '"@/constants/colors"' has no exported member 'colors'.
app/mainapp/customer/wishlist.tsx(14,10): error TS2305: Module '"@/mocks/data"' has no exported member 'products'.
app/mainapp/customer/wishlist.tsx(25,26): error TS7006: Parameter 'prev' implicitly has an 'any' type.
app/mainapp/customer/wishlist.tsx(25,46): error TS7006: Parameter 'item' implicitly has an 'any' type.
app/mainapp/customer/wishlist.tsx(40,42): error TS2322: Type '{ size: number; color: any; }' is not assignable to type 'IntrinsicAttributes & LucideProps'.
  Property 'color' does not exist on type 'IntrinsicAttributes & LucideProps'.
app/mainapp/customer/wishlist.tsx(58,40): error TS7006: Parameter 'product' implicitly has an 'any' type.
app/mainapp/customer/wishlist.tsx(64,51): error TS2322: Type '{ size: number; color: any; }' is not assignable to type 'IntrinsicAttributes & LucideProps'.
  Property 'color' does not exist on type 'IntrinsicAttributes & LucideProps'.
app/mainapp/customer/wishlist.tsx(75,53): error TS2322: Type '{ size: number; color: any; fill: any; }' is not assignable to type 'IntrinsicAttributes & LucideProps'.
  Property 'color' does not exist on type 'IntrinsicAttributes & LucideProps'.
app/mainapp/customer/wishlist.tsx(88,61): error TS2322: Type '{ size: number; color: any; }' is not assignable to type 'IntrinsicAttributes & LucideProps'.
  Property 'color' does not exist on type 'IntrinsicAttributes & LucideProps'.
app/mainapp/not-found.tsx(3,10): error TS2305: Module '"@/constants/colors"' has no exported member 'colors'.
app/mainapp/product/[id].tsx(13,32): error TS2307: Cannot find module 'expo-linear-gradient' or its corresponding type declarations.
app/mainapp/product/[id].tsx(27,10): error TS2305: Module '"@/constants/colors"' has no exported member 'colors'.
app/mainapp/product/[id].tsx(28,10): error TS2305: Module '"@/mocks/data"' has no exported member 'products'.
app/mainapp/product/[id].tsx(39,35): error TS7006: Parameter 'p' implicitly has an 'any' type.
app/mainapp/product/[id].tsx(45,28): error TS2554: Expected 1 arguments, but got 2.
app/mainapp/product/[id].tsx(56,50): error TS2322: Type '{ size: number; color: any; }' is not assignable to type 'IntrinsicAttributes & LucideProps'.
  Property 'color' does not exist on type 'IntrinsicAttributes & LucideProps'.
app/mainapp/product/[id].tsx(65,37): error TS2322: Type '{ size: number; color: any; fill: any; }' is not assignable to type 'IntrinsicAttributes & LucideProps'.
  Property 'color' does not exist on type 'IntrinsicAttributes & LucideProps'.
app/mainapp/product/[id].tsx(70,51): error TS2322: Type '{ size: number; color: any; }' is not assignable to type 'IntrinsicAttributes & LucideProps'.
  Property 'color' does not exist on type 'IntrinsicAttributes & LucideProps'.
app/mainapp/product/[id].tsx(83,42): error TS2322: Type '{ size: number; color: any; }' is not assignable to type 'IntrinsicAttributes & LucideProps'.
  Property 'color' does not exist on type 'IntrinsicAttributes & LucideProps'.
app/mainapp/product/[id].tsx(91,45): error TS2322: Type '{ size: number; color: any; fill: any; }' is not assignable to type 'IntrinsicAttributes & LucideProps'.
  Property 'color' does not exist on type 'IntrinsicAttributes & LucideProps'.
app/mainapp/product/[id].tsx(113,50): error TS2322: Type '{ size: number; color: any; }' is not assignable to type 'IntrinsicAttributes & LucideProps'.
  Property 'color' does not exist on type 'IntrinsicAttributes & LucideProps'.
app/mainapp/product/[id].tsx(119,51): error TS2322: Type '{ size: number; color: any; }' is not assignable to type 'IntrinsicAttributes & LucideProps'.
  Property 'color' does not exist on type 'IntrinsicAttributes & LucideProps'.
app/mainapp/product/[id].tsx(125,54): error TS2322: Type '{ size: number; color: any; }' is not assignable to type 'IntrinsicAttributes & LucideProps'.
  Property 'color' does not exist on type 'IntrinsicAttributes & LucideProps'.
app/mainapp/product/[id].tsx(140,50): error TS2322: Type '{ size: number; color: any; }' is not assignable to type 'IntrinsicAttributes & LucideProps'.
  Property 'color' does not exist on type 'IntrinsicAttributes & LucideProps'.
app/mainapp/product/[id].tsx(147,49): error TS2322: Type '{ size: number; color: any; }' is not assignable to type 'IntrinsicAttributes & LucideProps'.
  Property 'color' does not exist on type 'IntrinsicAttributes & LucideProps'.
app/mainapp/product/[id].tsx(162,49): error TS2322: Type '{ size: number; color: any; }' is not assignable to type 'IntrinsicAttributes & LucideProps'.
  Property 'color' does not exist on type 'IntrinsicAttributes & LucideProps'.
app/mainapp/product/[id].tsx(171,53): error TS2322: Type '{ size: number; color: any; }' is not assignable to type 'IntrinsicAttributes & LucideProps'.
  Property 'color' does not exist on type 'IntrinsicAttributes & LucideProps'.
app/mainapp/vendor-login.tsx(5,10): error TS2305: Module '"@/constants/colors"' has no exported member 'colors'.
app/mainapp/vendor/_layout.tsx(10,10): error TS2305: Module '"@/constants/colors"' has no exported member 'colors'.
app/mainapp/vendor/_layout.tsx(37,83): error TS2322: Type '{ size: number; color: string; }' is not assignable to type 'IntrinsicAttributes & LucideProps'.
  Property 'color' does not exist on type 'IntrinsicAttributes & LucideProps'.
app/mainapp/vendor/_layout.tsx(44,75): error TS2322: Type '{ size: number; color: string; }' is not assignable to type 'IntrinsicAttributes & LucideProps'.
  Property 'color' does not exist on type 'IntrinsicAttributes & LucideProps'.
app/mainapp/vendor/_layout.tsx(51,81): error TS2322: Type '{ size: number; color: string; }' is not assignable to type 'IntrinsicAttributes & LucideProps'.
  Property 'color' does not exist on type 'IntrinsicAttributes & LucideProps'.
app/mainapp/vendor/_layout.tsx(58,73): error TS2322: Type '{ size: number; color: string; }' is not assignable to type 'IntrinsicAttributes & LucideProps'.
  Property 'color' does not exist on type 'IntrinsicAttributes & LucideProps'.
app/mainapp/vendor/_layout.tsx(65,77): error TS2322: Type '{ size: number; color: string; }' is not assignable to type 'IntrinsicAttributes & LucideProps'.
  Property 'color' does not exist on type 'IntrinsicAttributes & LucideProps'.
app/mainapp/vendor/_layout.tsx(72,74): error TS2322: Type '{ size: number; color: string; }' is not assignable to type 'IntrinsicAttributes & LucideProps'.
  Property 'color' does not exist on type 'IntrinsicAttributes & LucideProps'.
app/mainapp/vendor/analytics.tsx(12,10): error TS2305: Module '"@/constants/colors"' has no exported member 'colors'.
app/mainapp/vendor/analytics.tsx(13,10): error TS2305: Module '"@/mocks/data"' has no exported member 'salesData'.
app/mainapp/vendor/analytics.tsx(55,47): error TS2322: Type '{ size: number; color: any; }' is not assignable to type 'IntrinsicAttributes & LucideProps'.
  Property 'color' does not exist on type 'IntrinsicAttributes & LucideProps'.
app/mainapp/vendor/analytics.tsx(57,49): error TS2322: Type '{ size: number; color: any; }' is not assignable to type 'IntrinsicAttributes & LucideProps'.
  Property 'color' does not exist on type 'IntrinsicAttributes & LucideProps'.
app/mainapp/vendor/analytics.tsx(72,48): error TS7006: Parameter 'd' implicitly has an 'any' type.
app/mainapp/vendor/analytics.tsx(126,41): error TS7006: Parameter 'data' implicitly has an 'any' type.
app/mainapp/vendor/analytics.tsx(126,47): error TS7006: Parameter 'index' implicitly has an 'any' type.
app/mainapp/vendor/earnings.tsx(10,32): error TS2307: Cannot find module 'expo-linear-gradient' or its corresponding type declarations.
app/mainapp/vendor/earnings.tsx(12,10): error TS2305: Module '"@/constants/colors"' has no exported member 'colors'.
app/mainapp/vendor/earnings.tsx(43,51): error TS2322: Type '{ size: number; color: any; }' is not assignable to type 'IntrinsicAttributes & LucideProps'.
  Property 'color' does not exist on type 'IntrinsicAttributes & LucideProps'.
app/mainapp/vendor/earnings.tsx(46,55): error TS2322: Type '{ size: number; color: string; }' is not assignable to type 'IntrinsicAttributes & LucideProps'.
  Property 'color' does not exist on type 'IntrinsicAttributes & LucideProps'.
app/mainapp/vendor/earnings.tsx(68,53): error TS2322: Type '{ size: number; color: any; }' is not assignable to type 'IntrinsicAttributes & LucideProps'.
  Property 'color' does not exist on type 'IntrinsicAttributes & LucideProps'.
app/mainapp/vendor/earnings.tsx(76,46): error TS2322: Type '{ size: number; color: any; }' is not assignable to type 'IntrinsicAttributes & LucideProps'.
  Property 'color' does not exist on type 'IntrinsicAttributes & LucideProps'.
app/mainapp/vendor/earnings.tsx(117,63): error TS2322: Type '{ size: number; color: any; }' is not assignable to type 'IntrinsicAttributes & LucideProps'.
  Property 'color' does not exist on type 'IntrinsicAttributes & LucideProps'.
app/mainapp/vendor/earnings.tsx(119,61): error TS2322: Type '{ size: number; color: any; }' is not assignable to type 'IntrinsicAttributes & LucideProps'.
  Property 'color' does not exist on type 'IntrinsicAttributes & LucideProps'.
app/mainapp/vendor/earnings.tsx(121,55): error TS2322: Type '{ size: number; color: any; }' is not assignable to type 'IntrinsicAttributes & LucideProps'.
  Property 'color' does not exist on type 'IntrinsicAttributes & LucideProps'.
app/mainapp/vendor/earnings.tsx(133,68): error TS2322: Type '{ size: number; color: any; }' is not assignable to type 'IntrinsicAttributes & LucideProps'.
  Property 'color' does not exist on type 'IntrinsicAttributes & LucideProps'.
app/mainapp/vendor/earnings.tsx(135,62): error TS2322: Type '{ size: number; color: any; }' is not assignable to type 'IntrinsicAttributes & LucideProps'.
  Property 'color' does not exist on type 'IntrinsicAttributes & LucideProps'.
app/mainapp/vendor/index.tsx(13,32): error TS2307: Cannot find module 'expo-linear-gradient' or its corresponding type declarations.
app/mainapp/vendor/index.tsx(33,10): error TS2305: Module '"@/constants/colors"' has no exported member 'colors'.
app/mainapp/vendor/index.tsx(34,10): error TS2305: Module '"@/mocks/data"' has no exported member 'dashboardStats'.
app/mainapp/vendor/index.tsx(34,26): error TS2305: Module '"@/mocks/data"' has no exported member 'salesData'.
app/mainapp/vendor/index.tsx(34,37): error TS2305: Module '"@/mocks/data"' has no exported member 'recentOrders'.
app/mainapp/vendor/index.tsx(34,51): error TS2305: Module '"@/mocks/data"' has no exported member 'products'.
app/mainapp/vendor/index.tsx(34,61): error TS2305: Module '"@/mocks/data"' has no exported member 'liveChat'.
app/mainapp/vendor/index.tsx(34,71): error TS2305: Module '"@/mocks/data"' has no exported member 'currentVendor'.
app/mainapp/vendor/index.tsx(35,10): error TS2305: Module '"@/contexts/LanguageContext"' has no exported member 'useLanguage'.
app/mainapp/vendor/index.tsx(63,47): error TS2322: Type '{ size: number; color: string; }' is not assignable to type 'IntrinsicAttributes & LucideProps'.
  Property 'color' does not exist on type 'IntrinsicAttributes & LucideProps'.
app/mainapp/vendor/index.tsx(65,49): error TS2322: Type '{ size: number; color: string; }' is not assignable to type 'IntrinsicAttributes & LucideProps'.
  Property 'color' does not exist on type 'IntrinsicAttributes & LucideProps'.
app/mainapp/vendor/index.tsx(86,43): error TS2322: Type '{ size: number; color: any; }' is not assignable to type 'IntrinsicAttributes & LucideProps'.
  Property 'color' does not exist on type 'IntrinsicAttributes & LucideProps'.
app/mainapp/vendor/index.tsx(88,45): error TS2322: Type '{ size: number; color: any; }' is not assignable to type 'IntrinsicAttributes & LucideProps'.
  Property 'color' does not exist on type 'IntrinsicAttributes & LucideProps'.
app/mainapp/vendor/index.tsx(99,49): error TS7006: Parameter 'd' implicitly has an 'any' type.
app/mainapp/vendor/index.tsx(132,37): error TS7006: Parameter 'data' implicitly has an 'any' type.
app/mainapp/vendor/index.tsx(132,43): error TS7006: Parameter 'index' implicitly has an 'any' type.
app/mainapp/vendor/index.tsx(171,36): error TS2322: Type '{ size: number; color: any; }' is not assignable to type 'IntrinsicAttributes & LucideProps'.
  Property 'color' does not exist on type 'IntrinsicAttributes & LucideProps'.
app/mainapp/vendor/index.tsx(173,38): error TS2322: Type '{ size: number; color: any; style: { marginLeft: number; }; }' is not assignable to type 'IntrinsicAttributes & LucideProps'.
  Property 'color' does not exist on type 'IntrinsicAttributes & LucideProps'.
app/mainapp/vendor/index.tsx(192,46): error TS2322: Type '{ size: number; color: any; }' is not assignable to type 'IntrinsicAttributes & LucideProps'.
  Property 'color' does not exist on type 'IntrinsicAttributes & LucideProps'.
app/mainapp/vendor/index.tsx(194,54): error TS2322: Type '{ size: number; color: any; style: { marginLeft: number; }; }' is not assignable to type 'IntrinsicAttributes & LucideProps'.
  Property 'color' does not exist on type 'IntrinsicAttributes & LucideProps'.
app/mainapp/vendor/index.tsx(211,35): error TS7006: Parameter 'message' implicitly has an 'any' type.
app/mainapp/vendor/index.tsx(246,38): error TS7006: Parameter 'i' implicitly has an 'any' type.
app/mainapp/vendor/index.tsx(254,45): error TS2322: Type '{ size: number; color: any; }' is not assignable to type 'IntrinsicAttributes & LucideProps'.
  Property 'color' does not exist on type 'IntrinsicAttributes & LucideProps'.
app/mainapp/vendor/index.tsx(273,37): error TS2322: Type '{ size: number; color: any; fill: any; }' is not assignable to type 'IntrinsicAttributes & LucideProps'.
  Property 'color' does not exist on type 'IntrinsicAttributes & LucideProps'.
app/mainapp/vendor/index.tsx(302,43): error TS2322: Type '{ size: number; color: any; }' is not assignable to type 'IntrinsicAttributes & LucideProps'.
  Property 'color' does not exist on type 'IntrinsicAttributes & LucideProps'.
app/mainapp/vendor/index.tsx(306,41): error TS2322: Type '{ size: number; color: any; }' is not assignable to type 'IntrinsicAttributes & LucideProps'.
  Property 'color' does not exist on type 'IntrinsicAttributes & LucideProps'.
app/mainapp/vendor/index.tsx(310,50): error TS2322: Type '{ size: number; color: any; }' is not assignable to type 'IntrinsicAttributes & LucideProps'.
  Property 'color' does not exist on type 'IntrinsicAttributes & LucideProps'.
app/mainapp/vendor/index.tsx(314,41): error TS2322: Type '{ size: number; color: any; }' is not assignable to type 'IntrinsicAttributes & LucideProps'.
  Property 'color' does not exist on type 'IntrinsicAttributes & LucideProps'.
app/mainapp/vendor/index.tsx(339,49): error TS2322: Type '{ size: number; color: any; }' is not assignable to type 'IntrinsicAttributes & LucideProps'.
  Property 'color' does not exist on type 'IntrinsicAttributes & LucideProps'.
app/mainapp/vendor/index.tsx(393,47): error TS7006: Parameter 'order' implicitly has an 'any' type.
app/mainapp/vendor/index.tsx(409,59): error TS2322: Type '{ size: number; color: any; }' is not assignable to type 'IntrinsicAttributes & LucideProps'.
  Property 'color' does not exist on type 'IntrinsicAttributes & LucideProps'.
app/mainapp/vendor/index.tsx(412,56): error TS7006: Parameter 'product' implicitly has an 'any' type.
app/mainapp/vendor/index.tsx(412,65): error TS7006: Parameter 'index' implicitly has an 'any' type.
app/mainapp/vendor/live.tsx(11,32): error TS2307: Cannot find module 'expo-linear-gradient' or its corresponding type declarations.
app/mainapp/vendor/live.tsx(13,10): error TS2305: Module '"@/constants/colors"' has no exported member 'colors'.
app/mainapp/vendor/live.tsx(14,10): error TS2305: Module '"@/mocks/data"' has no exported member 'liveSessions'.
app/mainapp/vendor/live.tsx(27,41): error TS2322: Type '{ size: number; color: any; }' is not assignable to type 'IntrinsicAttributes & LucideProps'.
  Property 'color' does not exist on type 'IntrinsicAttributes & LucideProps'.
app/mainapp/vendor/live.tsx(39,46): error TS2322: Type '{ size: number; color: any; }' is not assignable to type 'IntrinsicAttributes & LucideProps'.
  Property 'color' does not exist on type 'IntrinsicAttributes & LucideProps'.
app/mainapp/vendor/live.tsx(44,45): error TS2322: Type '{ size: number; color: any; fill: any; }' is not assignable to type 'IntrinsicAttributes & LucideProps'.
  Property 'color' does not exist on type 'IntrinsicAttributes & LucideProps'.
app/mainapp/vendor/live.tsx(54,45): error TS2322: Type '{ size: number; color: any; }' is not assignable to type 'IntrinsicAttributes & LucideProps'.
  Property 'color' does not exist on type 'IntrinsicAttributes & LucideProps'.
app/mainapp/vendor/live.tsx(60,50): error TS2322: Type '{ size: number; color: any; }' is not assignable to type 'IntrinsicAttributes & LucideProps'.
  Property 'color' does not exist on type 'IntrinsicAttributes & LucideProps'.
app/mainapp/vendor/live.tsx(65,57): error TS2322: Type '{ size: number; color: any; }' is not assignable to type 'IntrinsicAttributes & LucideProps'.
  Property 'color' does not exist on type 'IntrinsicAttributes & LucideProps'.
app/mainapp/vendor/live.tsx(67,54): error TS2322: Type '{ size: number; color: any; }' is not assignable to type 'IntrinsicAttributes & LucideProps'.
  Property 'color' does not exist on type 'IntrinsicAttributes & LucideProps'.
app/mainapp/vendor/live.tsx(83,39): error TS7006: Parameter 'session' implicitly has an 'any' type.
app/mainapp/vendor/live.tsx(89,54): error TS2322: Type '{ size: number; color: any; }' is not assignable to type 'IntrinsicAttributes & LucideProps'.
  Property 'color' does not exist on type 'IntrinsicAttributes & LucideProps'.
app/mainapp/vendor/live.tsx(91,54): error TS2322: Type '{ size: number; color: any; }' is not assignable to type 'IntrinsicAttributes & LucideProps'.
  Property 'color' does not exist on type 'IntrinsicAttributes & LucideProps'.
app/mainapp/vendor/orders.tsx(12,10): error TS2305: Module '"@/constants/colors"' has no exported member 'colors'.
app/mainapp/vendor/orders.tsx(13,10): error TS2305: Module '"@/mocks/data"' has no exported member 'recentOrders'.
app/mainapp/vendor/orders.tsx(22,31): error TS7006: Parameter 'o' implicitly has an 'any' type.
app/mainapp/vendor/orders.tsx(53,37): error TS7006: Parameter 'order' implicitly has an 'any' type.
app/mainapp/vendor/orders.tsx(70,61): error TS2322: Type '{ size: number; color: any; }' is not assignable to type 'IntrinsicAttributes & LucideProps'.
  Property 'color' does not exist on type 'IntrinsicAttributes & LucideProps'.
app/mainapp/vendor/orders.tsx(80,51): error TS7006: Parameter 'item' implicitly has an 'any' type.
app/mainapp/vendor/orders.tsx(80,57): error TS7006: Parameter 'index' implicitly has an 'any' type.
app/mainapp/vendor/products.tsx(13,10): error TS2305: Module '"@/constants/colors"' has no exported member 'colors'.
app/mainapp/vendor/products.tsx(14,10): error TS2305: Module '"@/mocks/data"' has no exported member 'products'.
app/mainapp/vendor/products.tsx(19,44): error TS7006: Parameter 'p' implicitly has an 'any' type.
app/mainapp/vendor/products.tsx(28,27): error TS2322: Type '{ size: number; color: any; }' is not assignable to type 'IntrinsicAttributes & LucideProps'.
  Property 'color' does not exist on type 'IntrinsicAttributes & LucideProps'.
app/mainapp/vendor/products.tsx(35,29): error TS2322: Type '{ size: number; color: any; }' is not assignable to type 'IntrinsicAttributes & LucideProps'.
  Property 'color' does not exist on type 'IntrinsicAttributes & LucideProps'.
app/mainapp/vendor/products.tsx(45,29): error TS2322: Type '{ size: number; color: any; }' is not assignable to type 'IntrinsicAttributes & LucideProps'.
  Property 'color' does not exist on type 'IntrinsicAttributes & LucideProps'.
app/mainapp/vendor/products.tsx(56,30): error TS7006: Parameter 'p' implicitly has an 'any' type.
app/mainapp/vendor/products.tsx(62,30): error TS7006: Parameter 'p' implicitly has an 'any' type.
app/mainapp/vendor/products.tsx(68,30): error TS7006: Parameter 'p' implicitly has an 'any' type.
app/mainapp/vendor/products.tsx(75,31): error TS7006: Parameter 'product' implicitly has an 'any' type.
app/mainapp/vendor/products.tsx(83,35): error TS2322: Type '{ size: number; color: any; fill: any; }' is not assignable to type 'IntrinsicAttributes & LucideProps'.
  Property 'color' does not exist on type 'IntrinsicAttributes & LucideProps'.
app/mainapp/vendor/products.tsx(87,38): error TS2322: Type '{ size: number; color: any; }' is not assignable to type 'IntrinsicAttributes & LucideProps'.
  Property 'color' does not exist on type 'IntrinsicAttributes & LucideProps'.
app/mainapp/vendor/products.tsx(97,41): error TS2322: Type '{ size: number; color: any; }' is not assignable to type 'IntrinsicAttributes & LucideProps'.
  Property 'color' does not exist on type 'IntrinsicAttributes & LucideProps'.
